564 3925
Andromeda
daughter of Cepheus
Andoromeda
Andromeda
Andromedae
And
10118 -3365
Luftpumpe
Air Pump
Ponpu
Antlia
Antilae
Ant
16134 -7641
Paradiesvogel
Bird of Paradise
Fuhchoh
Apus
Apodus
Aps
22697 -1053
Wassermann
Water Bearer
Washi
Aquarius
Aquarii
Aqr
19690 337
Adler
Eagle
Mizugame
Aquila
Aquilae
Aql
17231 -5189
Altar
Altar
Saidan
Ara
Arae
Ara
2676 2257
Widder
Ram
Ohitsuji
Aries
Arietis
Ari
5947 4281
Fuhrmann
Charioteer
Gyosha
Auriga
Aurigae
Aur
14687 3233
BÑrenhÅter
Herdsman
Ushikai
Bootes
Bootis
Boo
4721 -3883
Grabstichel
Chisel
Chohkokugu
Caelum
Cali
Cae
6151 7196
Giraffe
Sea Goat
Kirin
Camelopardus
Camelopardalis
Cam
8497 2356
Krebs
Crab
Kani
Cancer
Cancri
Cnc
13020 4235
Jagdhunde
Hunting Dogs
Ryohken
Canes Venatici
Canem Venaticorum
CVn
6830 -2269
Gro·er Hund
Greater Dog
Oh-inu
Canis Major
Canis Majoris
CMa
7624 676
Kleiner Hund
Lesser Dog
Koinu
Canis Minor
Canis Minoris
CMi
21048 -1965
Steinbock
Goat
Yagi
Capricornus
Capricorni
Cap
7761 -5717
Schiffskiel
Keel
Ryukotsu
Carina
Carinae
Car
870 6030
Kassiopeia
Mother of Andromeda
Kashiopea
Cassiopeia
Cassiopeiae
Cas
12950 -4400
Zentaur
Centaur
Kentaurusu
Centaurus
Centauri
Cen
22417 7256
Kepheus
Cepheus
Kefeusu
Cepheus
Cephei
Cep
1709 -664
Walfisch
Whale
Kujira
Cetus
Ceti
Cet
12000 -8199
ChamÑleon
Chamaeleon
Kamereon
Chamaeleon
Chamaeleontis
Cha
14527 -6770
Zirkel
Compasses
Circinus
Konpasu
Circini
Cir
5705 -3708
Taube
Dove
Hato
Columba
Columbae
Col
12748 2265
Haar der Berenike
Berenice's Hair
Kaminoke
Coma Berenices
Comae Berenices
Com
18655 -4125
SÅdliche Krone
Southern Crown
Minami no Kanmuri
Corona Australis
Coronae Australis
CrA
15880 3263
Nîrdliche Krone
Northern Crown
Kanmuri
Corona Borealis
Coronae Borealis
CrB
12387 -1836
Rabe
Crow
Karasu
Corvus
Corvi
Crv
11348 -1325
Becher
Cup
Koppu
Crater
Crateris
Crt
12481 -6070
Kreuz des SÅdens
Cross
Minami Juhji
Crux Australis
Crucis
Cru
20598 4958
Schwan
Swan
Hakuchoh
Cygnus
Cygni
Cyg
20663 1210
Delphin
Dolphin
Iruka
Delphinus
Delphini
Del
5333 -6399
Schwertfisch
Swordfish
Kajiki
Dorado
Doradus
Dor
17945 6606
Drache
Dragon
Ryuh
Draco
Draconis
Dra
21251 794
Fohlen
Little Horse
Kouma
Equuleus
Equulei
Equ
3876 -1701
Flu· Eridanus
River
Eridanusu
Eridanus
Eridani
Eri
2766 -2694
Ofen
Furnace
Ro
Fornax
Fornacis
For
6848 2482
Zwillinge
Twins
Futago
Gemini
Geminorum
Gem
22457 -4586
Kranich
Crane
Tsuru
Grus
Gruis
Gru
17425 3123
Herkules
Hercules
Herukuresu
Hercules
Herculis
Her
3212 -5200
Pendeluhr
Clock
Tokei
Horologium
Horlogii
Hor
9136 -1132
Wasserschlange
Sea Serpent
Umihebi
Hydra
Hydrae
Hya
2589 -7208
Kl. Wasserschlange
Little Snake
Mizuhebi
Hydrus
Hydri
Hyi
21138 -5268
Inder
Indian
Indean
Indus
Indi
Ind
22514 4667
Eidechse
Lizard
Tokage
Lacerta
Lacertae
Lac
10000 700
Lîwe
Lion
Shishi
Leo
Leonis
Leo
10316 3324
kleiner Lîwe
Lesser Lion
Kojishi
Leo Minor
Leonis Minoris
LMi
5436 -1935
Hase
Hare
Usagi
Lepus
Leporis
Lep
15187 -1545
Waage
Balance
Tenbin
Libra
Librae
Lib
15376 -4228
Wolf
Wolf
Ohkami
Lupus
Lupi
Lup
7734 4783
Luchs
Lynx
Yamaneko
Lynx
Lyncis
Lyn
18908 4065
Leier
Lyre
Koto
Lyra
Lyrae
Lyr
5500 -7999
Tafelberg
Table Mountain
Tehburu-yama
Mensa
Mensae
Men
20942 -3620
Mikroskop
Microscope
Kenbikyoh
Microscopium
Microscopii
Mic
6962 -374
Einhorn
Unicorn
Ikkakujuh
Monoceros
Monocerotis
Mon
12460 -6987
Fliege
Fly
Hae
Musca
Muscae
Mus
16042 -5229
Winkelma·
Square
Johgi
Norma
Normae
Nor
22173 -8473
Oktant
Octant
Hachibungi
Octans
Octantis
Oct
17037 -265
SchlangentrÑger
Serpent Bearer
Hebitsukai
Ophiuchus
Ophiuchi
Oph
5566 359
Orion
Hunter
Orion
Orion
Orionis
Ori
19160 -6514
Pfau
Peacock
Kujaku
Pavo
Pavonis
Pav
22617 1965
Pegasus
Winged Horse
Pegasasu
Pegasus
Pegasi
Peg
3514 4489
Perseus
Perseus
Peruseusu
Perseus
Persei
Per
732 -4823
Phînix
Phoenix
Hoh-oh
Phoenix
Phoenicis
Phe
5381 -5163
Malerstaffelei
Painter's Easel
Gaka
Pictor
Pictoris
Pic
891 1548
Fische
Fishes
Uo
Pisces
Piscium
Psc
22410 -3143
SÅdlicher Fisch
Southern Fish
Minami no Uo
Piscis Austrinus
Piscis Austrini
PsA
7873 -3239
Schiffsheck
Poop
Tomo
Puppis
Puppis
Pup
8891 -2921
Schiffskompa·
Compass Box
Rashinban
Pyxis
Pyxidis
Pyx
3899 -6049
Netz
Net
Rechikuru
Reticulum
Reticuli
Ret
19667 1700
Pfeil
Arrow
Ya
Sagitta
Sagittae
Sge
19385 -2911
SchÅtze
Archer
Ite
Sagittarius
Sagittarii
Sgr
16865 -3567
Skorpion
Scorpion
Sasori
Scorpius
Scorpii
Sco
1000 -3849
Bildhauer
Sculptor's Workshop
Chohkokushitsu
Sculptor
Sculptoris
Scl
18651 -1011
Schild
Shield
Tate
Scutum
Scuti
Sct
15731 1085
Kopf der Schlange
Serpent's head
Hebi
Serpens Caput
Serpentis
Ser
17958 -1352
Schwanz der Schlange
Serpent's tail
Hebi
Serpens Cauda
Serpentis
Ser
10102 -187
Sextans
Sextant
Rokubungi
Sextant
Sextantis
Sex
4095 1734
Stier
Bull
Oushi
Taurus
Tauri
Tau
19244 -5154
Fernrohr
Telescope
Boh-enkyo
Telescopium
Telescopii
Tel
2043 3234
Dreieck
Triangle
Sankaku
Triangulum
Trianguli
Tri
16124 -6590
SÅdliches Dreieck
Southern Triangle
Minami no Sankaku
Triangulum Australe
Trianguli Australis
TrA
23828 -6406
Tukan
Toucan
Kyoshichoh
Tucana
Tucanae
Tuc
10263 5748
Gro·er BÑr
Great Bear
Ohguma
Ursa Major
Ursae Majoris
UMa
14974 7504
Kleiner BÑr
Little Bear
Koguma
Ursa Minor
Ursae Minoris
UMi
9337 -4851
Segel
Sails
Ho
Vela
Velorum
Vel
13343 -349
Jungfrau
Virgin
Otome
Virgo
Virginis
Vir
7659 -6939
Fliegender Fisch
Flying Fish
Tobiuo
Volans
Volantis
Vol
20367 2503
FÅchslein
Fox
Kogitsune
Vulpecula
Vulpeculae
Vul