C:\DOKUME~1
C:\EIGENE~1
C:\EIGENE~2
C:\PROGRA~1
C:\TEMP
C:\TEST
C:\WINDOWS
D:\RSS
D:\TEST
D:\MAIL
D:\WAP
D:\XAML
D:\XSL
D:\XUL
D:\PROJEKTE
D:\FTP
D:\TOOLS
D:\SKRIPTE
D:\BROWSER
D:\SPEC
D:\TEMP
D:\CML
D:\PHP
D:\BILDER
D:\CURL
D:\CDF
D:\SPIELE
D:\RDF
D:\SERVER
D:\WEBSITES
D:\SMIL
D:\SVG
D:\CALENDAR
D:\VML
D:\VRML
D:\XFORMS
D:\VOICEXML
D:\SQL
D:\MP3S
D:\MATHML
D:\CSS
E:\TEMP
E:\TEST
E:\WINAMP~1.91C
E:\PACKER
E:\IRFANV~1
E:\CLICKT~1
E:\FRHED
E:\NEWDOS
E:\CRYPTOOL
E:\FTDEMO~1
E:\ACTIVE~1.14
E:\GIFCON~1
E:\NERO
E:\NSIS
E:\EWB5
E:\SELTEC~1
E:\GR44
E:\ULTRADVD
E:\BABARO~1.5
E:\CRYPTO~1
E:\SKYPAINT
E:\NISEDI~1
E:\HANSOP~1
E:\EXESCOPE
E:\GS
E:\MOVIES
E:\CODEDC~1
E:\AVPERS~1
E:\POLYGL~1
E:\ALE
E:\PAGEDFRG
E:\GOOGLE~1
E:\L3DT
E:\REGCLEAN
E:\TERRAGEN
E:\DOS
E:\ANMANI~1.4
E:\DN
E:\ADOBE
E:\T2
E:\PDFCRE~1
E:\FILTER~1
E:\EVE
E:\DELPHI
E:\HANDYR~1.0
E:\WORD
E:\PLANET~2
E:\GIMP-2.0
E:\REGCLE~1
E:\HOMEKE~1
E:\XNVIEW
E:\LZMA432
E:\PURGAT~1
E:\FORESTER
E:\AUTOST~1
E:\XVID
E:\PLANET~3
E:\GTK
E:\FRACTA~1.0
E:\ABIWORD
E:\PAINT.NET
E:\CARICA~1
E:\COSMIC~1
E:\CACG
E:\MICROS~2
E:\DCENHA~1.3
E:\OOD2KFRE
E:\PKCOLO~1
E:\3DGIFD~1
E:\PICASA2
E:\MAGICT~1.50
E:\GENESI~2
E:\T.ED
E:\VIM
E:\REGSEE~1
E:\ULEADC~1.0
E:\TOTALCMD
E:\WAVEREC
E:\DEVELS~1.0
E:\GSC
E:\GNU
E:\ITWEAKU
E:\FREEBU~1
E:\GIMPSHOP
E:\JAVA
E:\WINAMP~1.2
E:\M3D10
E:\LAME-3.97B
E:\OPENOF~1.5
E:\COMICW~1.0
E:\GMORGAN
E:\WINSHELL
E:\EIGENE~1
E:\CDBURN~1
E:\ANIMAKE
E:\ANVILS~1
E:\ASM
E:\ASTRO
E:\SPIELE
E:\DEEPBU~1
E:\DIGITA~2
E:\FILESN~1
E:\WINDOW~1
E:\CDDVDB~1
E:\BRAVAR~1
E:\MICROS~1
E:\PASCAL
E:\HTMLHE~1
E:\NC
E:\ARTWEA~1.3
E:\ENABLER2
E:\ICONWO~1
E:\RESHACK
E:\ASTRA32
E:\DESKTO~1
E:\MP32WAV
E:\C
E:\HDDHEA~1
E:\WINRAD~1
E:\BWORKS
E:\BASIC
E:\OPENGL
E:\EASYCL~1
E:\FASTDE~1
E:\CCLEANER
E:\MULTIR~1
E:\STARTU~2
E:\FREERA~1.2
E:\ICONRI~1
E:\VRML
E:\FREECO~1
E:\PROCES~1
E:\BSPLAYER
E:\DEEPPA~1
E:\OPENWO~1
E:\SONGBIRD
E:\PROCOM
E:\AUDIOG~1.83
E:\BUCKET~1.501
E:\IABC
E:\SEQUOI~1
E:\EXACTA~1.95
E:\EVERES~1
E:\YZDOCK
E:\ASCII
E:\ZOOMPL~1
E:\DIVX
E:\GXTRAN~1
E:\GENESI~1
E:\HEIGHT~1
E:\MPG64
E:\COLORS~1
E:\STICONED
E:\NEBULA~1
E:\PLANET~1
E:\WORLDG~1
E:\DRIVER~1
E:\ARTRAGE
E:\APPLIC~1
E:\DIGITA~1
E:\SUPPOR~1
E:\MICROS~3
E:\MSOFFICE
E:\XARA3D3
E:\MED
E:\CDTOMP~1
E:\COAGUL~1
E:\WAVECRFT
E:\SWITCHIP
E:\F_LAND13
E:\LINGOD~1
E:\PHOTOF~2
E:\0190WA~1
E:\QUARTZ~1
E:\DITTY
E:\STOMPER
E:\STARTU~3
E:\FASTFO~1
E:\WAVEPAD
E:\COLORC~1
E:\FRACTAL
E:\CINEPA~1
E:\IBEAT
E:\ZONEAL~1
E:\A2FREE~1
E:\EASYMU~1
E:\DEMEDIT
E:\ZT-0.981
E:\GFORGE-1.3A
E:\AD-AWA~2
E:\GENESI~1.0
E:\ISOBUS~1
E:\LIAPUN~1
E:\MAGICEYE
E:\SPACEP~1
E:\D-TOOLS
E:\ULTRAISO
E:\SCAPEM~1
E:\MUSICM~1
E:\GRANULAB
E:\FRACTA~1
E:\MUSICLAB
E:\CLEAND~1
E:\WILDRE~1
E:\FREEWO~1
E:\RENAMER
E:\AMUSIC~1.0
E:\GEOSCA~1
E:\VISUAL~1
E:\WORLDM~1
E:\GEOFRA~1
E:\PIXIA
E:\MAPREN~1
E:\MAPREN~2
E:\SNICOE~1
E:\AUDACITY
E:\L3DTVI2
E:\MOUNTA~1
E:\MSPLOT~1
E:\ORB-CYL
E:\MUSINU~1
E:\WILBUR
E:\GHOSTV~1
E:\VIRTUA~1.13
E:\KASHMI~1
E:\UNLOCKER
E:\DIGIFO~1
E:\LANDSC~1
E:\MAPPER
E:\FOOBAR~1
E:\PHOTOL~1
E:\PROFAN~1
E:\YBOOK
E:\DEM2POV
E:\TRANSL~1
E:\ERODE
E:\HME
E:\8BFFIL~1
E:\REGCLE~2
E:\KEYPRO~1
E:\WORLDGEN
E:\PRIM
E:\EVILPL~1
E:\PLANET
E:\STGTHU~1
E:\BLENDER
E:\MOSAIC~1
E:\MJF_COMP
E:\PIXVIEW
E:\PSPAD
E:\PROGRA~1
E:\TRUECR~1
E:\EAGLE413
E:\MAVICA
E:\FRACTINT
E:\WALLPA~1
E:\FWMGDOS
E:\RUNASA~1
E:\WALLPA~1.90
E:\HANDY
E:\QUASIF~1.0
E:\INWARD~1.25B
E:\PARALL~1
E:\WINDIR~1
E:\PCSPEA~1
E:\SIMSYNTH
E:\TS404
E:\PAINTS~1
E:\TCPMPW~1.71
E:\WINMORPH
E:\VIRTUA~1
E:\SAYIT
E:\MP3TOE~1
E:\EFCOMM~1
E:\FW2
E:\PICARD
E:\WINNC.NET
E:\BABYAL~1
E:\QUARTZ~2
E:\JAZZWARE
E:\MIDGET~1.5
E:\MUSETTE
E:\CBASIC~1
E:\PDF-AN~1.0
